exports[`Header has correct default options 1`] = `
<header
  className="grommetux-box grommetux-box--direction-row grommetux-box--align-center grommetux-box--pad-horizontal-none grommetux-box--pad-vertical-none grommetux-box--pad-between-small grommetux-header"
  id={undefined}
  onClick={undefined}
  role={undefined}
  style={Object {}}
  tabIndex={undefined}>
  testing
</header>
`;
