exports[`FormField has correct default options 1`] = `
<div
  className="grommetux-form-field grommetux-form-field--text grommetux-form-field--size-medium"
  onClick={[Function bound _onClick]}>
  <label
    className="grommetux-form-field__label"
    htmlFor="item1">
    Item 1
  </label>
  <span
    className="grommetux-form-field__contents">
    <input
      id="item1"
      type="text" />
  </span>
</div>
`;
